******************************************************************************
                  TI ARM Linker PC v5.2.5                      
******************************************************************************
>> Linked Sun Feb 28 18:56:30 2016

OUTPUT FILE NAME:   <FirstSteps.out>
ENTRY POINT SYMBOL: "_c_int00"  address: 00000bd1


MEMORY CONFIGURATION

         name            origin    length      used     unused   attr    fill
----------------------  --------  ---------  --------  --------  ----  --------
  FLASH                 00000000   00040000  00001108  0003eef8  R  X
  SRAM                  20000000   00008000  00000218  00007de8  RW X


SEGMENT ALLOCATION MAP

run origin  load origin   length   init length attrs members
----------  ----------- ---------- ----------- ----- -------
00000000    00000000    00001108   00001108    r-x
  00000000    00000000    0000026c   0000026c    r-- .intvecs
  0000026c    0000026c    00000ce8   00000ce8    r-x .text
  00000f54    00000f54    00000194   00000194    r-- .const
  000010e8    000010e8    00000020   00000020    r-- .cinit
20000000    20000000    00000218   00000000    rw-
  20000000    20000000    00000200   00000000    rw- .stack
  20000200    20000200    00000018   00000000    rw- .data


SECTION ALLOCATION MAP

 output                                  attributes/
section   page    origin      length       input sections
--------  ----  ----------  ----------   ----------------
.intvecs   0    00000000    0000026c     
                  00000000    0000026c     lm4f120h5qr_startup_ccs.obj (.intvecs)

.text      0    0000026c    00000ce8     
                  0000026c    00000270     main.obj (.text)
                  000004dc    000001d8     driverlib-cm4f.lib : sysctl.obj (.text:SysCtlClockGet)
                  000006b4    0000013c                        : sysctl.obj (.text:SysCtlClockSet)
                  000007f0    000000c8                        : gpio.obj (.text:GPIOPadConfigSet)
                  000008b8    0000009c     rtsv7M4_T_le_v4SPD16_eabi.lib : memcpy_t2.obj (.text)
                  00000954    0000007a                                   : memset_t2.obj (.text)
                  000009ce    0000006c     driverlib-cm4f.lib : adc.obj (.text:ADCSequenceStepConfigure)
                  00000a3a    00000002     --HOLE-- [fill = 0]
                  00000a3c    0000006c     rtsv7M4_T_le_v4SPD16_eabi.lib : autoinit.obj (.text)
                  00000aa8    0000006a                                   : copy_decompress_rle.obj (.text)
                  00000b12    00000002     --HOLE-- [fill = 0]
                  00000b14    00000064     driverlib-cm4f.lib : interrupt.obj (.text:IntEnable)
                  00000b78    00000058                        : sysctl.obj (.text:SysCtlPeripheralEnable)
                  00000bd0    00000050     rtsv7M4_T_le_v4SPD16_eabi.lib : boot.obj (.text)
                  00000c20    0000004c                                   : cpy_tbl.obj (.text)
                  00000c6c    00000048     driverlib-cm4f.lib : gpio.obj (.text:GPIOPinConfigure)
                  00000cb4    00000044     rtsv7M4_T_le_v4SPD16_eabi.lib : exit.obj (.text)
                  00000cf8    00000042     driverlib-cm4f.lib : uart.obj (.text:UARTConfigSetExpClk)
                  00000d3a    0000002e                        : adc.obj (.text:ADCIntStatus)
                  00000d68    0000002e                        : gpio.obj (.text:GPIODirModeSet)
                  00000d96    0000002a                        : adc.obj (.text:ADCSequenceConfigure)
                  00000dc0    00000020                        : adc.obj (.text:ADCSequenceDataGet)
                  00000de0    00000020                        : sysctl.obj (.text:SysCtlADCSpeedSet)
                  00000e00    0000001c                        : uart.obj (.text:UARTDisable)
                  00000e1c    00000018     rtsv7M4_T_le_v4SPD16_eabi.lib : args_main.obj (.text)
                  00000e34    00000016     driverlib-cm4f.lib : adc.obj (.text:ADCProcessorTrigger)
                  00000e4a    00000014                        : uart.obj (.text:UARTEnable)
                  00000e5e    00000002     --HOLE-- [fill = 0]
                  00000e60    00000014     rtsv7M4_T_le_v4SPD16_eabi.lib : _lock.obj (.text)
                  00000e74    00000012     driverlib-cm4f.lib : gpio.obj (.text:GPIOPinTypeGPIOOutput)
                  00000e86    00000012                        : gpio.obj (.text:GPIOPinTypeUART)
                  00000e98    00000010                        : uart.obj (.text:UARTCharGetNonBlocking)
                  00000ea8    00000010                        : uart.obj (.text:UARTCharPutNonBlocking)
                  00000eb8    0000000e                        : adc.obj (.text:ADCSequenceDisable)
                  00000ec6    0000000e                        : adc.obj (.text:ADCSequenceEnable)
                  00000ed4    0000000e     rtsv7M4_T_le_v4SPD16_eabi.lib : copy_decompress_none.obj (.text:decompress:none)
                  00000ee2    0000000c     driverlib-cm4f.lib : cpu.obj (.text:CPUcpsie)
                  00000eee    0000000c                        : uart.obj (.text:UARTCharsAvail)
                  00000efa    0000000c     lm4f120h5qr_startup_ccs.obj (.text)
                  00000f06    0000000a     driverlib-cm4f.lib : adc.obj (.text:ADCIntClear)
                  00000f10    0000000a                        : gpio.obj (.text:GPIOPinWrite)
                  00000f1a    0000000a                        : interrupt.obj (.text:IntMasterEnable)
                  00000f24    0000000a                        : uart.obj (.text:UARTCharPut)
                  00000f2e    0000000a                        : uart.obj (.text:UARTIntStatus)
                  00000f38    00000008                        : uart.obj (.text:UARTIntEnable)
                  00000f40    00000006                        : sysctl.obj (.text:SysCtlDelay)
                  00000f46    00000006     rtsv7M4_T_le_v4SPD16_eabi.lib : copy_decompress_rle.obj (.text:decompress:rle24)
                  00000f4c    00000004     driverlib-cm4f.lib : uart.obj (.text:UARTIntClear)
                  00000f50    00000004     rtsv7M4_T_le_v4SPD16_eabi.lib : pre_init.obj (.text)

.const     0    00000f54    00000194     
                  00000f54    00000078     driverlib-cm4f.lib : gpio.obj (.const:g_pulGPIOBaseAddrs)
                  00000fcc    00000070                        : interrupt.obj (.const)
                  0000103c    0000006c                        : sysctl.obj (.const:g_pulXtals)
                  000010a8    00000040                        : sysctl.obj (.const)

.cinit     0    000010e8    00000020     
                  000010e8    0000000f     (.cinit..data.load) [load image, compression = rle]
                  000010f7    00000001     --HOLE-- [fill = 0]
                  000010f8    00000008     (__TI_handler_table)
                  00001100    00000008     (__TI_cinit_table)

.init_array 
*          0    00000000    00000000     UNINITIALIZED

.stack     0    20000000    00000200     UNINITIALIZED
                  20000000    00000200     --HOLE--

.data      0    20000200    00000018     UNINITIALIZED
                  20000200    00000008     rtsv7M4_T_le_v4SPD16_eabi.lib : _lock.obj (.data)
                  20000208    00000008                                   : exit.obj (.data)
                  20000210    00000004     main.obj (.data)
                  20000214    00000004     rtsv7M4_T_le_v4SPD16_eabi.lib : stkdepth_vars.obj (.data)

.TI.persistent 
*          0    20000200    00000000     UNINITIALIZED


LINKER GENERATED COPY TABLES

__TI_cinit_table @ 00001100 records: 1, size/record: 8, table size: 8
	.data: load addr=000010e8, load size=0000000f bytes, run addr=20000200, run size=00000018 bytes, compression=rle


LINKER GENERATED HANDLER TABLE

__TI_handler_table @ 000010f8 records: 2, size/record: 4, table size: 8
	index: 0, handler: __TI_decompress_rle24
	index: 1, handler: __TI_decompress_none


GLOBAL SYMBOLS: SORTED ALPHABETICALLY BY Name 

address   name                    
-------   ----                    
00000f07  ADCIntClear             
00000d3b  ADCIntStatus            
00000e35  ADCProcessorTrigger     
00000d97  ADCSequenceConfigure    
00000dc1  ADCSequenceDataGet      
00000eb9  ADCSequenceDisable      
00000ec7  ADCSequenceEnable       
000009cf  ADCSequenceStepConfigure
00000cb5  C$$EXIT                 
00000ee3  CPUcpsie                
00000d69  GPIODirModeSet          
000007f1  GPIOPadConfigSet        
00000c6d  GPIOPinConfigure        
00000e75  GPIOPinTypeGPIOOutput   
00000e87  GPIOPinTypeUART         
00000f11  GPIOPinWrite            
00000b15  IntEnable               
00000f1b  IntMasterEnable         
20000210  LED                     
00000efb  ResetISR                
UNDEFED   SHT$$INIT_ARRAY$$Base   
UNDEFED   SHT$$INIT_ARRAY$$Limit  
00000de1  SysCtlADCSpeedSet       
000004dd  SysCtlClockGet          
000006b5  SysCtlClockSet          
00000f41  SysCtlDelay             
00000b79  SysCtlPeripheralEnable  
0000026d  UART0IntHandler         
000002a3  UART1IntHandler         
00000e99  UARTCharGetNonBlocking  
00000f25  UARTCharPut             
00000ea9  UARTCharPutNonBlocking  
00000eef  UARTCharsAvail          
00000cf9  UARTConfigSetExpClk     
00000e01  UARTDisable             
00000e4b  UARTEnable              
00000f4d  UARTIntClear            
00000f39  UARTIntEnable           
00000f2f  UARTIntStatus           
20000200  __STACK_END             
00000200  __STACK_SIZE            
20000200  __STACK_TOP             
00001100  __TI_CINIT_Base         
00001108  __TI_CINIT_Limit        
000010f8  __TI_Handler_Table_Base 
00001100  __TI_Handler_Table_Limit
00000a3d  __TI_auto_init          
20000208  __TI_cleanup_ptr        
00000ed5  __TI_decompress_none    
00000f47  __TI_decompress_rle24   
2000020c  __TI_dtors_ptr          
00000000  __TI_static_base__      
00000955  __aeabi_memclr          
00000955  __aeabi_memclr4         
00000955  __aeabi_memclr8         
000008b9  __aeabi_memcpy          
000008b9  __aeabi_memcpy4         
000008b9  __aeabi_memcpy8         
00000957  __aeabi_memset          
00000957  __aeabi_memset4         
00000957  __aeabi_memset8         
ffffffff  __binit__               
ffffffff  __c_args__              
20000000  __stack                 
00000e1d  _args_main              
00000bd1  _c_int00                
20000200  _lock                   
00000e6f  _nop                    
00000e67  _register_lock          
00000e61  _register_unlock        
00000f51  _system_pre_init        
20000204  _unlock                 
00000cb9  abort                   
ffffffff  binit                   
00000c21  copy_in                 
00000cc1  exit                    
00000000  g_pfnVectors            
00000307  main                    
20000214  main_func_sp            
000008b9  memcpy                  
0000095d  memset                  


GLOBAL SYMBOLS: SORTED BY Symbol Address 

address   name                    
-------   ----                    
00000000  __TI_static_base__      
00000000  g_pfnVectors            
00000200  __STACK_SIZE            
0000026d  UART0IntHandler         
000002a3  UART1IntHandler         
00000307  main                    
000004dd  SysCtlClockGet          
000006b5  SysCtlClockSet          
000007f1  GPIOPadConfigSet        
000008b9  __aeabi_memcpy          
000008b9  __aeabi_memcpy4         
000008b9  __aeabi_memcpy8         
000008b9  memcpy                  
00000955  __aeabi_memclr          
00000955  __aeabi_memclr4         
00000955  __aeabi_memclr8         
00000957  __aeabi_memset          
00000957  __aeabi_memset4         
00000957  __aeabi_memset8         
0000095d  memset                  
000009cf  ADCSequenceStepConfigure
00000a3d  __TI_auto_init          
00000b15  IntEnable               
00000b79  SysCtlPeripheralEnable  
00000bd1  _c_int00                
00000c21  copy_in                 
00000c6d  GPIOPinConfigure        
00000cb5  C$$EXIT                 
00000cb9  abort                   
00000cc1  exit                    
00000cf9  UARTConfigSetExpClk     
00000d3b  ADCIntStatus            
00000d69  GPIODirModeSet          
00000d97  ADCSequenceConfigure    
00000dc1  ADCSequenceDataGet      
00000de1  SysCtlADCSpeedSet       
00000e01  UARTDisable             
00000e1d  _args_main              
00000e35  ADCProcessorTrigger     
00000e4b  UARTEnable              
00000e61  _register_unlock        
00000e67  _register_lock          
00000e6f  _nop                    
00000e75  GPIOPinTypeGPIOOutput   
00000e87  GPIOPinTypeUART         
00000e99  UARTCharGetNonBlocking  
00000ea9  UARTCharPutNonBlocking  
00000eb9  ADCSequenceDisable      
00000ec7  ADCSequenceEnable       
00000ed5  __TI_decompress_none    
00000ee3  CPUcpsie                
00000eef  UARTCharsAvail          
00000efb  ResetISR                
00000f07  ADCIntClear             
00000f11  GPIOPinWrite            
00000f1b  IntMasterEnable         
00000f25  UARTCharPut             
00000f2f  UARTIntStatus           
00000f39  UARTIntEnable           
00000f41  SysCtlDelay             
00000f47  __TI_decompress_rle24   
00000f4d  UARTIntClear            
00000f51  _system_pre_init        
000010f8  __TI_Handler_Table_Base 
00001100  __TI_CINIT_Base         
00001100  __TI_Handler_Table_Limit
00001108  __TI_CINIT_Limit        
20000000  __stack                 
20000200  __STACK_END             
20000200  __STACK_TOP             
20000200  _lock                   
20000204  _unlock                 
20000208  __TI_cleanup_ptr        
2000020c  __TI_dtors_ptr          
20000210  LED                     
20000214  main_func_sp            
ffffffff  __binit__               
ffffffff  __c_args__              
ffffffff  binit                   
UNDEFED   SHT$$INIT_ARRAY$$Base   
UNDEFED   SHT$$INIT_ARRAY$$Limit  

[81 symbols]
